Archive member included to satisfy reference by file (symbol)

c:/gnu_arm_embedded_toolchain/2021.10/bin/../lib/gcc/arm-none-eabi/10.3.1/../../../../arm-none-eabi/lib/thumb/v7-m/nofp\libm.a(lib_a-wf_atan2.o)
                              output/KF.o (atan2f)
c:/gnu_arm_embedded_toolchain/2021.10/bin/../lib/gcc/arm-none-eabi/10.3.1/../../../../arm-none-eabi/lib/thumb/v7-m/nofp\libm.a(lib_a-wf_sqrt.o)
                              output/MPU6050.o (sqrtf)
c:/gnu_arm_embedded_toolchain/2021.10/bin/../lib/gcc/arm-none-eabi/10.3.1/../../../../arm-none-eabi/lib/thumb/v7-m/nofp\libm.a(lib_a-ef_atan2.o)
                              c:/gnu_arm_embedded_toolchain/2021.10/bin/../lib/gcc/arm-none-eabi/10.3.1/../../../../arm-none-eabi/lib/thumb/v7-m/nofp\libm.a(lib_a-wf_atan2.o) (__ieee754_atan2f)
c:/gnu_arm_embedded_toolchain/2021.10/bin/../lib/gcc/arm-none-eabi/10.3.1/../../../../arm-none-eabi/lib/thumb/v7-m/nofp\libm.a(lib_a-ef_sqrt.o)
                              c:/gnu_arm_embedded_toolchain/2021.10/bin/../lib/gcc/arm-none-eabi/10.3.1/../../../../arm-none-eabi/lib/thumb/v7-m/nofp\libm.a(lib_a-wf_sqrt.o) (__ieee754_sqrtf)
c:/gnu_arm_embedded_toolchain/2021.10/bin/../lib/gcc/arm-none-eabi/10.3.1/../../../../arm-none-eabi/lib/thumb/v7-m/nofp\libm.a(lib_a-sf_atan.o)
                              c:/gnu_arm_embedded_toolchain/2021.10/bin/../lib/gcc/arm-none-eabi/10.3.1/../../../../arm-none-eabi/lib/thumb/v7-m/nofp\libm.a(lib_a-ef_atan2.o) (atanf)
c:/gnu_arm_embedded_toolchain/2021.10/bin/../lib/gcc/arm-none-eabi/10.3.1/../../../../arm-none-eabi/lib/thumb/v7-m/nofp\libm.a(lib_a-sf_fabs.o)
                              c:/gnu_arm_embedded_toolchain/2021.10/bin/../lib/gcc/arm-none-eabi/10.3.1/../../../../arm-none-eabi/lib/thumb/v7-m/nofp\libm.a(lib_a-ef_atan2.o) (fabsf)
c:/gnu_arm_embedded_toolchain/2021.10/bin/../lib/gcc/arm-none-eabi/10.3.1/thumb/v7-m/nofp\libgcc.a(_arm_muldf3.o)
                              output/MPU6050.o (__aeabi_dmul)
c:/gnu_arm_embedded_toolchain/2021.10/bin/../lib/gcc/arm-none-eabi/10.3.1/thumb/v7-m/nofp\libgcc.a(_arm_mulsf3.o)
                              output/KF.o (__aeabi_fmul)
c:/gnu_arm_embedded_toolchain/2021.10/bin/../lib/gcc/arm-none-eabi/10.3.1/thumb/v7-m/nofp\libgcc.a(_arm_addsubdf3.o)
                              output/MPU6050.o (__aeabi_dsub)
c:/gnu_arm_embedded_toolchain/2021.10/bin/../lib/gcc/arm-none-eabi/10.3.1/thumb/v7-m/nofp\libgcc.a(_arm_muldivdf3.o)
                              output/MPU6050.o (__aeabi_ddiv)
c:/gnu_arm_embedded_toolchain/2021.10/bin/../lib/gcc/arm-none-eabi/10.3.1/thumb/v7-m/nofp\libgcc.a(_arm_truncdfsf2.o)
                              output/MPU6050.o (__aeabi_d2f)
c:/gnu_arm_embedded_toolchain/2021.10/bin/../lib/gcc/arm-none-eabi/10.3.1/thumb/v7-m/nofp\libgcc.a(_arm_addsubsf3.o)
                              output/KF.o (__aeabi_fsub)
c:/gnu_arm_embedded_toolchain/2021.10/bin/../lib/gcc/arm-none-eabi/10.3.1/thumb/v7-m/nofp\libgcc.a(_arm_muldivsf3.o)
                              output/KF.o (__aeabi_fdiv)
c:/gnu_arm_embedded_toolchain/2021.10/bin/../lib/gcc/arm-none-eabi/10.3.1/thumb/v7-m/nofp\libgcc.a(_arm_cmpsf2.o)
                              output/PWM.o (__aeabi_fcmplt)
c:/gnu_arm_embedded_toolchain/2021.10/bin/../lib/gcc/arm-none-eabi/10.3.1/thumb/v7-m/nofp\libgcc.a(_arm_unordsf2.o)
                              c:/gnu_arm_embedded_toolchain/2021.10/bin/../lib/gcc/arm-none-eabi/10.3.1/../../../../arm-none-eabi/lib/thumb/v7-m/nofp\libm.a(lib_a-wf_sqrt.o) (__aeabi_fcmpun)
c:/gnu_arm_embedded_toolchain/2021.10/bin/../lib/gcc/arm-none-eabi/10.3.1/thumb/v7-m/nofp\libgcc.a(_arm_fixsfsi.o)
                              output/PID.o (__aeabi_f2iz)
c:/gnu_arm_embedded_toolchain/2021.10/bin/../lib/gcc/arm-none-eabi/10.3.1/thumb/v7-m/nofp\libgcc.a(_arm_fixunssfsi.o)
                              output/uart_drive.o (__aeabi_f2uiz)
c:/gnu_arm_embedded_toolchain/2021.10/bin/../lib/gcc/arm-none-eabi/10.3.1/../../../../arm-none-eabi/lib/thumb/v7-m/nofp\libc.a(lib_a-errno.o)
                              c:/gnu_arm_embedded_toolchain/2021.10/bin/../lib/gcc/arm-none-eabi/10.3.1/../../../../arm-none-eabi/lib/thumb/v7-m/nofp\libm.a(lib_a-wf_sqrt.o) (__errno)
c:/gnu_arm_embedded_toolchain/2021.10/bin/../lib/gcc/arm-none-eabi/10.3.1/../../../../arm-none-eabi/lib/thumb/v7-m/nofp\libc.a(lib_a-impure.o)
                              c:/gnu_arm_embedded_toolchain/2021.10/bin/../lib/gcc/arm-none-eabi/10.3.1/../../../../arm-none-eabi/lib/thumb/v7-m/nofp\libc.a(lib_a-errno.o) (_impure_ptr)

Memory Configuration

Name             Origin             Length             Attributes
FLASH            0x08000000         0x00010000         xr
SRAM             0x20000000         0x00005000         xrw
*default*        0x00000000         0xffffffff

Linker script and memory map

LOAD output/HC05.o
LOAD output/KF.o
LOAD output/MPU6050.o
LOAD output/PID.o
LOAD output/PWM.o
LOAD output/gp_drive.o
LOAD output/i2c_drive.o
LOAD output/main.o
LOAD output/systick_time.o
LOAD output/timer_drive.o
LOAD output/uart_drive.o
LOAD output/stm32f10x_startup.o
LOAD c:/gnu_arm_embedded_toolchain/2021.10/bin/../lib/gcc/arm-none-eabi/10.3.1/../../../../arm-none-eabi/lib/thumb/v7-m/nofp\libm.a
LOAD c:/gnu_arm_embedded_toolchain/2021.10/bin/../lib/gcc/arm-none-eabi/10.3.1/thumb/v7-m/nofp\libgcc.a
START GROUP
LOAD c:/gnu_arm_embedded_toolchain/2021.10/bin/../lib/gcc/arm-none-eabi/10.3.1/thumb/v7-m/nofp\libgcc.a
LOAD c:/gnu_arm_embedded_toolchain/2021.10/bin/../lib/gcc/arm-none-eabi/10.3.1/../../../../arm-none-eabi/lib/thumb/v7-m/nofp\libc.a
END GROUP
START GROUP
LOAD c:/gnu_arm_embedded_toolchain/2021.10/bin/../lib/gcc/arm-none-eabi/10.3.1/thumb/v7-m/nofp\libgcc.a
LOAD c:/gnu_arm_embedded_toolchain/2021.10/bin/../lib/gcc/arm-none-eabi/10.3.1/../../../../arm-none-eabi/lib/thumb/v7-m/nofp\libc.a
LOAD c:/gnu_arm_embedded_toolchain/2021.10/bin/../lib/gcc/arm-none-eabi/10.3.1/../../../../arm-none-eabi/lib/thumb/v7-m/nofp\libnosys.a
END GROUP
                0x00000400                __max_heap_size = 0x400
                0x00000200                __max_stack_size = 0x200

.text           0x08000000     0x5190
 *(.isr_vector)
 .isr_vector    0x08000000       0xec output/stm32f10x_startup.o
                0x08000000                vectors
 *(.text)
 .text          0x080000ec      0x134 output/HC05.o
                0x080000ec                HC05_init
                0x0800010c                USART2_IRQHandler
                0x08000144                Check_Bluetooth_Order
 .text          0x08000220      0x808 output/KF.o
                0x08000220                Kalman_Filter_y
                0x08000558                KF_Y
                0x080008ec                mul
 .text          0x08000a28      0x584 output/MPU6050.o
                0x08000a28                MPU_init
                0x08000a88                MPU_tx
                0x08000aae                MPU_Calib
                0x08000cfc                MPU_Get_Angle
                0x08000f58                MPU_read
 *fill*         0x08000fac        0x4 
 .text          0x08000fb0      0x1bc output/PID.o
                0x08000fb0                Balance_PID
                0x080010f4                Turn_PD
 .text          0x0800116c      0x290 output/PWM.o
                0x0800116c                PWM_motor_init
                0x080011c8                PWM_Set
                0x08001268                PWM_IgnoreZone
                0x08001298                PWM_Limit
                0x080012c8                PWM_Update_Value
                0x08001378                Car_Safety_Check
                0x080013e0                myabs
 .text          0x080013fc      0x2ac output/gp_drive.o
                0x080013fc                init_GP
                0x080014dc                R_GP
                0x08001552                W_GP
                0x080015e0                toggle_GP
                0x08001624                PINc
                0x08001674                B_init
                0x08001688                BLED
 .text          0x080016a8      0xa1c output/i2c_drive.o
                0x080016a8                i2c_init
                0x0800181c                i2c_start
                0x080018a0                i2c_address
                0x08001924                i2c_data
                0x080019a0                i2c_stop
                0x080019e4                i2c_write
                0x08001a3e                i2c_read
                0x08001b54                i2c_read_1Byte
                0x08001b9c                i2c_read_Bytes
                0x08001d1c                i2c_dma_tx_init
                0x08001e14                i2c_tx_dma_init
                0x08001e64                i2c_tx_dma
                0x08001f4c                i2c_rx_dma_init
                0x08001f9c                i2c_rx_dma
 .text          0x080020c4      0x2c4 output/main.o
                0x080020c4                main
                0x08002150                Clock_init
                0x080021e4                TIM2_IRQHandler
                0x08002220                Button_Init
                0x0800225c                Get_Button_State
                0x080022c8                Button_Debounce
                0x0800236c                SysTick_Handler
 .text          0x08002388      0x180 output/systick_time.o
                0x08002388                systick_init
                0x080023b8                DelayMillis
                0x080023e8                DelayMs
                0x0800240c                systick_int_start
                0x08002440                systick_int
 .text          0x08002508     0x145c output/timer_drive.o
                0x08002524                get_timer
                0x08002580                timer_start_micros
                0x080025fc                timer_start_millis
                0x0800267c                get_time_micros
                0x080026c4                get_time_millis
                0x080026f4                TDelay_Micros
                0x08002736                TDelay_Millis
                0x08002770                TDelay_Micro
                0x08002788                TDelay_Milli
                0x080027a0                timer_irq_micro_start
                0x08002834                timer_irq_millis_start
                0x080028c8                timer_irq_Rflag
                0x080028f4                timer_irq_stop
                0x08002994                timer_stop
                0x080029f0                get_channel
                0x08002acc                get_timer_pin
                0x08002b40                get_timer_address
                0x08002bc4                timer_compare_micro
                0x08002d70                timer_compare_milli
                0x08002f28                timer_pwm_micro
                0x080030d4                timer_pwm_milli
                0x0800328c                tim_start_micros
                0x08003308                get_micros
                0x0800332e                tim_start_millis
                0x08003420                get_millis
                0x08003446                timer_capture_micro
                0x08003640                timer_capture_milli
                0x0800387c                timer_get_capture_micro
                0x08003928                timer_get_capture_milli
 .text          0x08003964      0x528 output/uart_drive.o
                0x08003980                UART_init
                0x08003b58                USART_BRR
                0x08003c40                UART_RX
                0x08003cc0                UART_TX
                0x08003d44                UART_ISR
                0x08003dee                UART_SEND
                0x08003e2e                UART_msg
 .text          0x08003e8c       0x8c output/stm32f10x_startup.o
                0x08003e8c                Reset_Handler
                0x08003f10                EXTI2_IRQHandler
                0x08003f10                DebugMon_Handler
                0x08003f10                TIM1_CC_IRQHandler
                0x08003f10                HardFault_Handler
                0x08003f10                PVD_IRQHandler
                0x08003f10                PendSV_Handler
                0x08003f10                NMI_Handler
                0x08003f10                EXTI3_IRQHandler
                0x08003f10                TIM1_UP_TIM10_IRQHandler
                0x08003f10                EXTI0_IRQHandler
                0x08003f10                I2C2_EV_IRQHandler
                0x08003f10                CAN1_RX0_IRQHandler
                0x08003f10                UsageFault_Handler
                0x08003f10                ADC1_2_IRQHandler
                0x08003f10                SPI1_IRQHandler
                0x08003f10                TAMPER_IRQHandler
                0x08003f10                TIM1_BRK_TIM9_IRQHandler
                0x08003f10                DMA1_Channel4_IRQHandler
                0x08003f10                USART3_IRQHandler
                0x08003f10                RTC_IRQHandler
                0x08003f10                DMA1_Channel7_IRQHandler
                0x08003f10                RTC_Alarm_IRQHandler
                0x08003f10                CAN1_RX1_IRQHandler
                0x08003f10                TIM4_IRQHandler
                0x08003f10                I2C1_EV_IRQHandler
                0x08003f10                DMA1_Channel6_IRQHandler
                0x08003f10                TIM3_IRQHandler
                0x08003f10                RCC_IRQHandler
                0x08003f10                DMA1_Channel1_IRQHandler
                0x08003f10                Default_Handler
                0x08003f10                EXTI15_10_IRQHandler
                0x08003f10                EXTI9_5_IRQHandler
                0x08003f10                SPI2_IRQHandler
                0x08003f10                MemManage_Handler
                0x08003f10                CAN1_TX_IRQHandler
                0x08003f10                SVC_Handler
                0x08003f10                DMA1_Channel5_IRQHandler
                0x08003f10                EXTI4_IRQHandler
                0x08003f10                DMA1_Channel3_IRQHandler
                0x08003f10                WWDG_IRQHandler
                0x08003f10                TIM1_TRG_COM_TIM11_IRQHandler
                0x08003f10                EXTI1_IRQHandler
                0x08003f10                USB_WakeUp_IRQHandler
                0x08003f10                I2C2_ER_IRQHandler
                0x08003f10                DMA1_Channel2_IRQHandler
                0x08003f10                CAN1_SCE_IRQHandler
                0x08003f10                FLASH_IRQHandler
                0x08003f10                BusFault_Handler
                0x08003f10                USART1_IRQHandler
                0x08003f10                I2C1_ER_IRQHandler
 .text          0x08003f18        0x0 c:/gnu_arm_embedded_toolchain/2021.10/bin/../lib/gcc/arm-none-eabi/10.3.1/../../../../arm-none-eabi/lib/thumb/v7-m/nofp\libm.a(lib_a-wf_atan2.o)
 .text          0x08003f18        0x0 c:/gnu_arm_embedded_toolchain/2021.10/bin/../lib/gcc/arm-none-eabi/10.3.1/../../../../arm-none-eabi/lib/thumb/v7-m/nofp\libm.a(lib_a-wf_sqrt.o)
 .text          0x08003f18        0x0 c:/gnu_arm_embedded_toolchain/2021.10/bin/../lib/gcc/arm-none-eabi/10.3.1/../../../../arm-none-eabi/lib/thumb/v7-m/nofp\libm.a(lib_a-ef_atan2.o)
 .text          0x08003f18        0x0 c:/gnu_arm_embedded_toolchain/2021.10/bin/../lib/gcc/arm-none-eabi/10.3.1/../../../../arm-none-eabi/lib/thumb/v7-m/nofp\libm.a(lib_a-ef_sqrt.o)
 .text          0x08003f18        0x0 c:/gnu_arm_embedded_toolchain/2021.10/bin/../lib/gcc/arm-none-eabi/10.3.1/../../../../arm-none-eabi/lib/thumb/v7-m/nofp\libm.a(lib_a-sf_atan.o)
 .text          0x08003f18        0x0 c:/gnu_arm_embedded_toolchain/2021.10/bin/../lib/gcc/arm-none-eabi/10.3.1/../../../../arm-none-eabi/lib/thumb/v7-m/nofp\libm.a(lib_a-sf_fabs.o)
 .text          0x08003f18      0x254 c:/gnu_arm_embedded_toolchain/2021.10/bin/../lib/gcc/arm-none-eabi/10.3.1/thumb/v7-m/nofp\libgcc.a(_arm_muldf3.o)
 .text          0x0800416c      0x168 c:/gnu_arm_embedded_toolchain/2021.10/bin/../lib/gcc/arm-none-eabi/10.3.1/thumb/v7-m/nofp\libgcc.a(_arm_mulsf3.o)
 .text          0x080042d4      0x378 c:/gnu_arm_embedded_toolchain/2021.10/bin/../lib/gcc/arm-none-eabi/10.3.1/thumb/v7-m/nofp\libgcc.a(_arm_addsubdf3.o)
                0x080042d4                __aeabi_drsub
                0x080042dc                __aeabi_dsub
                0x080042dc                __subdf3
                0x080042e0                __aeabi_dadd
                0x080042e0                __adddf3
                0x08004558                __floatunsidf
                0x08004558                __aeabi_ui2d
                0x08004578                __floatsidf
                0x08004578                __aeabi_i2d
                0x0800459c                __aeabi_f2d
                0x0800459c                __extendsfdf2
                0x080045e0                __floatundidf
                0x080045e0                __aeabi_ul2d
                0x080045f0                __floatdidf
                0x080045f0                __aeabi_l2d
 .text          0x0800464c      0x424 c:/gnu_arm_embedded_toolchain/2021.10/bin/../lib/gcc/arm-none-eabi/10.3.1/thumb/v7-m/nofp\libgcc.a(_arm_muldivdf3.o)
                0x0800464c                __aeabi_dmul
                0x0800464c                __muldf3
                0x080048a0                __divdf3
                0x080048a0                __aeabi_ddiv
 .text          0x08004a70       0xa0 c:/gnu_arm_embedded_toolchain/2021.10/bin/../lib/gcc/arm-none-eabi/10.3.1/thumb/v7-m/nofp\libgcc.a(_arm_truncdfsf2.o)
                0x08004a70                __truncdfsf2
                0x08004a70                __aeabi_d2f
 .text          0x08004b10      0x21c c:/gnu_arm_embedded_toolchain/2021.10/bin/../lib/gcc/arm-none-eabi/10.3.1/thumb/v7-m/nofp\libgcc.a(_arm_addsubsf3.o)
                0x08004b10                __aeabi_frsub
                0x08004b18                __subsf3
                0x08004b18                __aeabi_fsub
                0x08004b1c                __aeabi_fadd
                0x08004b1c                __addsf3
                0x08004c7c                __aeabi_ui2f
                0x08004c7c                __floatunsisf
                0x08004c84                __aeabi_i2f
                0x08004c84                __floatsisf
                0x08004ca0                __aeabi_ul2f
                0x08004ca0                __floatundisf
                0x08004cb0                __aeabi_l2f
                0x08004cb0                __floatdisf
 .text          0x08004d2c      0x2a0 c:/gnu_arm_embedded_toolchain/2021.10/bin/../lib/gcc/arm-none-eabi/10.3.1/thumb/v7-m/nofp\libgcc.a(_arm_muldivsf3.o)
                0x08004d2c                __mulsf3
                0x08004d2c                __aeabi_fmul
                0x08004e94                __aeabi_fdiv
                0x08004e94                __divsf3
 .text          0x08004fcc       0xec c:/gnu_arm_embedded_toolchain/2021.10/bin/../lib/gcc/arm-none-eabi/10.3.1/thumb/v7-m/nofp\libgcc.a(_arm_cmpsf2.o)
                0x08004fcc                __gesf2
                0x08004fcc                __gtsf2
                0x08004fd4                __lesf2
                0x08004fd4                __ltsf2
                0x08004fdc                __nesf2
                0x08004fdc                __eqsf2
                0x08004fdc                __cmpsf2
                0x0800503c                __aeabi_cfrcmple
                0x08005044                __aeabi_cfcmpeq
                0x08005044                __aeabi_cfcmple
                0x08005054                __aeabi_fcmpeq
                0x08005068                __aeabi_fcmplt
                0x0800507c                __aeabi_fcmple
                0x08005090                __aeabi_fcmpge
                0x080050a4                __aeabi_fcmpgt
 .text          0x080050b8       0x2c c:/gnu_arm_embedded_toolchain/2021.10/bin/../lib/gcc/arm-none-eabi/10.3.1/thumb/v7-m/nofp\libgcc.a(_arm_unordsf2.o)
                0x080050b8                __unordsf2
                0x080050b8                __aeabi_fcmpun
 .text          0x080050e4       0x4c c:/gnu_arm_embedded_toolchain/2021.10/bin/../lib/gcc/arm-none-eabi/10.3.1/thumb/v7-m/nofp\libgcc.a(_arm_fixsfsi.o)
                0x080050e4                __aeabi_f2iz
                0x080050e4                __fixsfsi
 .text          0x08005130       0x40 c:/gnu_arm_embedded_toolchain/2021.10/bin/../lib/gcc/arm-none-eabi/10.3.1/thumb/v7-m/nofp\libgcc.a(_arm_fixunssfsi.o)
                0x08005130                __fixunssfsi
                0x08005130                __aeabi_f2uiz
 .text          0x08005170        0x0 c:/gnu_arm_embedded_toolchain/2021.10/bin/../lib/gcc/arm-none-eabi/10.3.1/../../../../arm-none-eabi/lib/thumb/v7-m/nofp\libc.a(lib_a-errno.o)
 .text          0x08005170        0x0 c:/gnu_arm_embedded_toolchain/2021.10/bin/../lib/gcc/arm-none-eabi/10.3.1/../../../../arm-none-eabi/lib/thumb/v7-m/nofp\libc.a(lib_a-impure.o)
 *(.rodata)
 .rodata        0x08005170       0x20 output/KF.o
                0x08005190                . = ALIGN (0x4)
                0x08005190                _etext = .

.glue_7         0x08005190        0x0
 .glue_7        0x08005190        0x0 linker stubs

.glue_7t        0x08005190        0x0
 .glue_7t       0x08005190        0x0 linker stubs

.vfp11_veneer   0x08005190        0x0
 .vfp11_veneer  0x08005190        0x0 linker stubs

.v4_bx          0x08005190        0x0
 .v4_bx         0x08005190        0x0 linker stubs

.iplt           0x08005190        0x0
 .iplt          0x08005190        0x0 output/HC05.o

.text.atan2f    0x08005190        0x4
 .text.atan2f   0x08005190        0x4 c:/gnu_arm_embedded_toolchain/2021.10/bin/../lib/gcc/arm-none-eabi/10.3.1/../../../../arm-none-eabi/lib/thumb/v7-m/nofp\libm.a(lib_a-wf_atan2.o)
                0x08005190                atan2f

.text.sqrtf     0x08005194       0x3c
 .text.sqrtf    0x08005194       0x3c c:/gnu_arm_embedded_toolchain/2021.10/bin/../lib/gcc/arm-none-eabi/10.3.1/../../../../arm-none-eabi/lib/thumb/v7-m/nofp\libm.a(lib_a-wf_sqrt.o)
                0x08005194                sqrtf

.text.__ieee754_atan2f
                0x080051d0      0x110
 .text.__ieee754_atan2f
                0x080051d0      0x110 c:/gnu_arm_embedded_toolchain/2021.10/bin/../lib/gcc/arm-none-eabi/10.3.1/../../../../arm-none-eabi/lib/thumb/v7-m/nofp\libm.a(lib_a-ef_atan2.o)
                0x080051d0                __ieee754_atan2f

.text.__ieee754_sqrtf
                0x080052e0       0xb0
 .text.__ieee754_sqrtf
                0x080052e0       0xb0 c:/gnu_arm_embedded_toolchain/2021.10/bin/../lib/gcc/arm-none-eabi/10.3.1/../../../../arm-none-eabi/lib/thumb/v7-m/nofp\libm.a(lib_a-ef_sqrt.o)
                0x080052e0                __ieee754_sqrtf

.text.atanf     0x08005390      0x214
 .text.atanf    0x08005390      0x214 c:/gnu_arm_embedded_toolchain/2021.10/bin/../lib/gcc/arm-none-eabi/10.3.1/../../../../arm-none-eabi/lib/thumb/v7-m/nofp\libm.a(lib_a-sf_atan.o)
                0x08005390                atanf

.text.fabsf     0x080055a4        0x8
 .text.fabsf    0x080055a4        0x8 c:/gnu_arm_embedded_toolchain/2021.10/bin/../lib/gcc/arm-none-eabi/10.3.1/../../../../arm-none-eabi/lib/thumb/v7-m/nofp\libm.a(lib_a-sf_fabs.o)
                0x080055a4                fabsf

.text.__errno   0x080055ac        0xc
 .text.__errno  0x080055ac        0xc c:/gnu_arm_embedded_toolchain/2021.10/bin/../lib/gcc/arm-none-eabi/10.3.1/../../../../arm-none-eabi/lib/thumb/v7-m/nofp\libc.a(lib_a-errno.o)
                0x080055ac                __errno

.rodata.CSWTCH.8
                0x080055b8        0xc
 .rodata.CSWTCH.8
                0x080055b8        0xc c:/gnu_arm_embedded_toolchain/2021.10/bin/../lib/gcc/arm-none-eabi/10.3.1/../../../../arm-none-eabi/lib/thumb/v7-m/nofp\libm.a(lib_a-ef_atan2.o)

.rodata.CSWTCH.9
                0x080055c4        0xc
 .rodata.CSWTCH.9
                0x080055c4        0xc c:/gnu_arm_embedded_toolchain/2021.10/bin/../lib/gcc/arm-none-eabi/10.3.1/../../../../arm-none-eabi/lib/thumb/v7-m/nofp\libm.a(lib_a-ef_atan2.o)

.rodata.atanhi  0x080055d0       0x10
 .rodata.atanhi
                0x080055d0       0x10 c:/gnu_arm_embedded_toolchain/2021.10/bin/../lib/gcc/arm-none-eabi/10.3.1/../../../../arm-none-eabi/lib/thumb/v7-m/nofp\libm.a(lib_a-sf_atan.o)

.rodata.atanlo  0x080055e0       0x10
 .rodata.atanlo
                0x080055e0       0x10 c:/gnu_arm_embedded_toolchain/2021.10/bin/../lib/gcc/arm-none-eabi/10.3.1/../../../../arm-none-eabi/lib/thumb/v7-m/nofp\libm.a(lib_a-sf_atan.o)

.rodata._global_impure_ptr
                0x080055f0        0x4
 .rodata._global_impure_ptr
                0x080055f0        0x4 c:/gnu_arm_embedded_toolchain/2021.10/bin/../lib/gcc/arm-none-eabi/10.3.1/../../../../arm-none-eabi/lib/thumb/v7-m/nofp\libc.a(lib_a-impure.o)
                0x080055f0                _global_impure_ptr

.rel.dyn        0x080055f4        0x0
 .rel.iplt      0x080055f4        0x0 output/HC05.o

.data           0x20000000      0x458 load address 0x080055f4
                0x20000000                . = ALIGN (0x4)
                0x20000000                _sdata = .
 *(.data)
 .data          0x20000000        0x0 output/HC05.o
 .data          0x20000000       0x10 output/KF.o
 .data          0x20000010        0x0 output/MPU6050.o
 .data          0x20000010       0x14 output/PID.o
                0x20000010                Balance_Kp
                0x20000014                Balance_Ki
                0x20000018                Balance_Kd
                0x2000001c                Turn_Kp
                0x20000020                Turn_Kd
 .data          0x20000024        0x0 output/PWM.o
 .data          0x20000024        0x0 output/gp_drive.o
 .data          0x20000024        0x0 output/i2c_drive.o
 .data          0x20000024        0x2 output/main.o
 .data          0x20000026        0x0 output/systick_time.o
 .data          0x20000026        0x0 output/timer_drive.o
 .data          0x20000026        0x0 output/uart_drive.o
 .data          0x20000026        0x0 output/stm32f10x_startup.o
 .data          0x20000026        0x0 c:/gnu_arm_embedded_toolchain/2021.10/bin/../lib/gcc/arm-none-eabi/10.3.1/../../../../arm-none-eabi/lib/thumb/v7-m/nofp\libm.a(lib_a-wf_atan2.o)
 .data          0x20000026        0x0 c:/gnu_arm_embedded_toolchain/2021.10/bin/../lib/gcc/arm-none-eabi/10.3.1/../../../../arm-none-eabi/lib/thumb/v7-m/nofp\libm.a(lib_a-wf_sqrt.o)
 .data          0x20000026        0x0 c:/gnu_arm_embedded_toolchain/2021.10/bin/../lib/gcc/arm-none-eabi/10.3.1/../../../../arm-none-eabi/lib/thumb/v7-m/nofp\libm.a(lib_a-ef_atan2.o)
 .data          0x20000026        0x0 c:/gnu_arm_embedded_toolchain/2021.10/bin/../lib/gcc/arm-none-eabi/10.3.1/../../../../arm-none-eabi/lib/thumb/v7-m/nofp\libm.a(lib_a-ef_sqrt.o)
 .data          0x20000026        0x0 c:/gnu_arm_embedded_toolchain/2021.10/bin/../lib/gcc/arm-none-eabi/10.3.1/../../../../arm-none-eabi/lib/thumb/v7-m/nofp\libm.a(lib_a-sf_atan.o)
 .data          0x20000026        0x0 c:/gnu_arm_embedded_toolchain/2021.10/bin/../lib/gcc/arm-none-eabi/10.3.1/../../../../arm-none-eabi/lib/thumb/v7-m/nofp\libm.a(lib_a-sf_fabs.o)
 .data          0x20000026        0x0 c:/gnu_arm_embedded_toolchain/2021.10/bin/../lib/gcc/arm-none-eabi/10.3.1/thumb/v7-m/nofp\libgcc.a(_arm_muldf3.o)
 .data          0x20000026        0x0 c:/gnu_arm_embedded_toolchain/2021.10/bin/../lib/gcc/arm-none-eabi/10.3.1/thumb/v7-m/nofp\libgcc.a(_arm_mulsf3.o)
 .data          0x20000026        0x0 c:/gnu_arm_embedded_toolchain/2021.10/bin/../lib/gcc/arm-none-eabi/10.3.1/thumb/v7-m/nofp\libgcc.a(_arm_addsubdf3.o)
 .data          0x20000026        0x0 c:/gnu_arm_embedded_toolchain/2021.10/bin/../lib/gcc/arm-none-eabi/10.3.1/thumb/v7-m/nofp\libgcc.a(_arm_muldivdf3.o)
 .data          0x20000026        0x0 c:/gnu_arm_embedded_toolchain/2021.10/bin/../lib/gcc/arm-none-eabi/10.3.1/thumb/v7-m/nofp\libgcc.a(_arm_truncdfsf2.o)
 .data          0x20000026        0x0 c:/gnu_arm_embedded_toolchain/2021.10/bin/../lib/gcc/arm-none-eabi/10.3.1/thumb/v7-m/nofp\libgcc.a(_arm_addsubsf3.o)
 .data          0x20000026        0x0 c:/gnu_arm_embedded_toolchain/2021.10/bin/../lib/gcc/arm-none-eabi/10.3.1/thumb/v7-m/nofp\libgcc.a(_arm_muldivsf3.o)
 .data          0x20000026        0x0 c:/gnu_arm_embedded_toolchain/2021.10/bin/../lib/gcc/arm-none-eabi/10.3.1/thumb/v7-m/nofp\libgcc.a(_arm_cmpsf2.o)
 .data          0x20000026        0x0 c:/gnu_arm_embedded_toolchain/2021.10/bin/../lib/gcc/arm-none-eabi/10.3.1/thumb/v7-m/nofp\libgcc.a(_arm_unordsf2.o)
 .data          0x20000026        0x0 c:/gnu_arm_embedded_toolchain/2021.10/bin/../lib/gcc/arm-none-eabi/10.3.1/thumb/v7-m/nofp\libgcc.a(_arm_fixsfsi.o)
 .data          0x20000026        0x0 c:/gnu_arm_embedded_toolchain/2021.10/bin/../lib/gcc/arm-none-eabi/10.3.1/thumb/v7-m/nofp\libgcc.a(_arm_fixunssfsi.o)
 .data          0x20000026        0x0 c:/gnu_arm_embedded_toolchain/2021.10/bin/../lib/gcc/arm-none-eabi/10.3.1/../../../../arm-none-eabi/lib/thumb/v7-m/nofp\libc.a(lib_a-errno.o)
 .data          0x20000026        0x0 c:/gnu_arm_embedded_toolchain/2021.10/bin/../lib/gcc/arm-none-eabi/10.3.1/../../../../arm-none-eabi/lib/thumb/v7-m/nofp\libc.a(lib_a-impure.o)
 *(.data*)
 *fill*         0x20000026        0x2 
 .data._impure_ptr
                0x20000028        0x4 c:/gnu_arm_embedded_toolchain/2021.10/bin/../lib/gcc/arm-none-eabi/10.3.1/../../../../arm-none-eabi/lib/thumb/v7-m/nofp\libc.a(lib_a-impure.o)
                0x20000028                _impure_ptr
 *fill*         0x2000002c        0x4 
 .data.impure_data
                0x20000030      0x428 c:/gnu_arm_embedded_toolchain/2021.10/bin/../lib/gcc/arm-none-eabi/10.3.1/../../../../arm-none-eabi/lib/thumb/v7-m/nofp\libc.a(lib_a-impure.o)
                0x20000458                . = ALIGN (0x4)
                0x20000458                _edata = .

.igot.plt       0x20000458        0x0 load address 0x08005a4c
 .igot.plt      0x20000458        0x0 output/HC05.o

.bss            0x20000458       0xdc load address 0x08005a4c
                0x20000458                _sbss = .
 *(.bss)
 .bss           0x20000458        0x2 output/HC05.o
                0x20000458                order
                0x20000459                neworder
 *fill*         0x2000045a        0x2 
 .bss           0x2000045c       0x70 output/KF.o
 .bss           0x200004cc       0x3c output/MPU6050.o
                0x200004cc                pitch
                0x200004d0                tilt_angle
                0x200004d4                ax
                0x200004d8                ay
                0x200004dc                az
                0x200004e0                gy
                0x200004e4                gz
                0x200004e8                acc_offsetX
                0x200004ec                acc_offsetY
                0x200004f0                acc_offsetZ
                0x200004f4                gyro_offsetY
                0x200004f8                gyro_offsetZ
                0x200004fc                curtime
                0x20000500                pretime
                0x20000504                delta
 .bss           0x20000508       0x10 output/PID.o
                0x20000508                turn_target
                0x2000050c                move_target
 .bss           0x20000518        0x0 output/PWM.o
 .bss           0x20000518        0x0 output/gp_drive.o
 .bss           0x20000518        0x0 output/i2c_drive.o
 .bss           0x20000518       0x19 output/main.o
                0x20000518                enable_flag
                0x20000519                measure_due_flag
                0x2000051a                millis_tick
                0x2000051c                last_ticks
                0x2000051e                pre_ticks
                0x20000520                pwm
 .bss           0x20000531        0x0 output/systick_time.o
 .bss           0x20000531        0x0 output/timer_drive.o
 .bss           0x20000531        0x0 output/uart_drive.o
 .bss           0x20000531        0x0 output/stm32f10x_startup.o
 .bss           0x20000531        0x0 c:/gnu_arm_embedded_toolchain/2021.10/bin/../lib/gcc/arm-none-eabi/10.3.1/../../../../arm-none-eabi/lib/thumb/v7-m/nofp\libm.a(lib_a-wf_atan2.o)
 .bss           0x20000531        0x0 c:/gnu_arm_embedded_toolchain/2021.10/bin/../lib/gcc/arm-none-eabi/10.3.1/../../../../arm-none-eabi/lib/thumb/v7-m/nofp\libm.a(lib_a-wf_sqrt.o)
 .bss           0x20000531        0x0 c:/gnu_arm_embedded_toolchain/2021.10/bin/../lib/gcc/arm-none-eabi/10.3.1/../../../../arm-none-eabi/lib/thumb/v7-m/nofp\libm.a(lib_a-ef_atan2.o)
 .bss           0x20000531        0x0 c:/gnu_arm_embedded_toolchain/2021.10/bin/../lib/gcc/arm-none-eabi/10.3.1/../../../../arm-none-eabi/lib/thumb/v7-m/nofp\libm.a(lib_a-ef_sqrt.o)
 .bss           0x20000531        0x0 c:/gnu_arm_embedded_toolchain/2021.10/bin/../lib/gcc/arm-none-eabi/10.3.1/../../../../arm-none-eabi/lib/thumb/v7-m/nofp\libm.a(lib_a-sf_atan.o)
 .bss           0x20000531        0x0 c:/gnu_arm_embedded_toolchain/2021.10/bin/../lib/gcc/arm-none-eabi/10.3.1/../../../../arm-none-eabi/lib/thumb/v7-m/nofp\libm.a(lib_a-sf_fabs.o)
 .bss           0x20000531        0x0 c:/gnu_arm_embedded_toolchain/2021.10/bin/../lib/gcc/arm-none-eabi/10.3.1/thumb/v7-m/nofp\libgcc.a(_arm_muldf3.o)
 .bss           0x20000531        0x0 c:/gnu_arm_embedded_toolchain/2021.10/bin/../lib/gcc/arm-none-eabi/10.3.1/thumb/v7-m/nofp\libgcc.a(_arm_mulsf3.o)
 .bss           0x20000531        0x0 c:/gnu_arm_embedded_toolchain/2021.10/bin/../lib/gcc/arm-none-eabi/10.3.1/thumb/v7-m/nofp\libgcc.a(_arm_addsubdf3.o)
 .bss           0x20000531        0x0 c:/gnu_arm_embedded_toolchain/2021.10/bin/../lib/gcc/arm-none-eabi/10.3.1/thumb/v7-m/nofp\libgcc.a(_arm_muldivdf3.o)
 .bss           0x20000531        0x0 c:/gnu_arm_embedded_toolchain/2021.10/bin/../lib/gcc/arm-none-eabi/10.3.1/thumb/v7-m/nofp\libgcc.a(_arm_truncdfsf2.o)
 .bss           0x20000531        0x0 c:/gnu_arm_embedded_toolchain/2021.10/bin/../lib/gcc/arm-none-eabi/10.3.1/thumb/v7-m/nofp\libgcc.a(_arm_addsubsf3.o)
 .bss           0x20000531        0x0 c:/gnu_arm_embedded_toolchain/2021.10/bin/../lib/gcc/arm-none-eabi/10.3.1/thumb/v7-m/nofp\libgcc.a(_arm_muldivsf3.o)
 .bss           0x20000531        0x0 c:/gnu_arm_embedded_toolchain/2021.10/bin/../lib/gcc/arm-none-eabi/10.3.1/thumb/v7-m/nofp\libgcc.a(_arm_cmpsf2.o)
 .bss           0x20000531        0x0 c:/gnu_arm_embedded_toolchain/2021.10/bin/../lib/gcc/arm-none-eabi/10.3.1/thumb/v7-m/nofp\libgcc.a(_arm_unordsf2.o)
 .bss           0x20000531        0x0 c:/gnu_arm_embedded_toolchain/2021.10/bin/../lib/gcc/arm-none-eabi/10.3.1/thumb/v7-m/nofp\libgcc.a(_arm_fixsfsi.o)
 .bss           0x20000531        0x0 c:/gnu_arm_embedded_toolchain/2021.10/bin/../lib/gcc/arm-none-eabi/10.3.1/thumb/v7-m/nofp\libgcc.a(_arm_fixunssfsi.o)
 .bss           0x20000531        0x0 c:/gnu_arm_embedded_toolchain/2021.10/bin/../lib/gcc/arm-none-eabi/10.3.1/../../../../arm-none-eabi/lib/thumb/v7-m/nofp\libc.a(lib_a-errno.o)
 .bss           0x20000531        0x0 c:/gnu_arm_embedded_toolchain/2021.10/bin/../lib/gcc/arm-none-eabi/10.3.1/../../../../arm-none-eabi/lib/thumb/v7-m/nofp\libc.a(lib_a-impure.o)
 *(COMMON)
                0x20000534                . = ALIGN (0x4)
 *fill*         0x20000531        0x3 
                0x20000534                _ebss = .
OUTPUT(output/arm.elf elf32-littlearm)
LOAD linker stubs

.debug_info     0x00000000     0x3e87
 .debug_info    0x00000000      0x229 output/HC05.o
 .debug_info    0x00000229      0x510 output/KF.o
 .debug_info    0x00000739      0x31f output/MPU6050.o
 .debug_info    0x00000a58      0x1d7 output/PID.o
 .debug_info    0x00000c2f      0x55b output/PWM.o
 .debug_info    0x0000118a      0x2ea output/gp_drive.o
 .debug_info    0x00001474      0x988 output/i2c_drive.o
 .debug_info    0x00001dfc      0x6b7 output/main.o
 .debug_info    0x000024b3      0x17c output/systick_time.o
 .debug_info    0x0000262f      0xfdd output/timer_drive.o
 .debug_info    0x0000360c      0x6f3 output/uart_drive.o
 .debug_info    0x00003cff      0x188 output/stm32f10x_startup.o

.debug_abbrev   0x00000000     0x110b
 .debug_abbrev  0x00000000      0x107 output/HC05.o
 .debug_abbrev  0x00000107       0xe3 output/KF.o
 .debug_abbrev  0x000001ea      0x161 output/MPU6050.o
 .debug_abbrev  0x0000034b       0xc2 output/PID.o
 .debug_abbrev  0x0000040d      0x174 output/PWM.o
 .debug_abbrev  0x00000581      0x148 output/gp_drive.o
 .debug_abbrev  0x000006c9      0x227 output/i2c_drive.o
 .debug_abbrev  0x000008f0      0x1ea output/main.o
 .debug_abbrev  0x00000ada       0xd9 output/systick_time.o
 .debug_abbrev  0x00000bb3      0x286 output/timer_drive.o
 .debug_abbrev  0x00000e39      0x1ee output/uart_drive.o
 .debug_abbrev  0x00001027       0xe4 output/stm32f10x_startup.o

.debug_aranges  0x00000000      0x180
 .debug_aranges
                0x00000000       0x20 output/HC05.o
 .debug_aranges
                0x00000020       0x20 output/KF.o
 .debug_aranges
                0x00000040       0x20 output/MPU6050.o
 .debug_aranges
                0x00000060       0x20 output/PID.o
 .debug_aranges
                0x00000080       0x20 output/PWM.o
 .debug_aranges
                0x000000a0       0x20 output/gp_drive.o
 .debug_aranges
                0x000000c0       0x20 output/i2c_drive.o
 .debug_aranges
                0x000000e0       0x20 output/main.o
 .debug_aranges
                0x00000100       0x20 output/systick_time.o
 .debug_aranges
                0x00000120       0x20 output/timer_drive.o
 .debug_aranges
                0x00000140       0x20 output/uart_drive.o
 .debug_aranges
                0x00000160       0x20 output/stm32f10x_startup.o

.debug_line     0x00000000     0x2216
 .debug_line    0x00000000      0x15b output/HC05.o
 .debug_line    0x0000015b      0x28f output/KF.o
 .debug_line    0x000003ea      0x202 output/MPU6050.o
 .debug_line    0x000005ec       0xb6 output/PID.o
 .debug_line    0x000006a2      0x241 output/PWM.o
 .debug_line    0x000008e3      0x242 output/gp_drive.o
 .debug_line    0x00000b25      0x67e output/i2c_drive.o
 .debug_line    0x000011a3      0x232 output/main.o
 .debug_line    0x000013d5      0x1fe output/systick_time.o
 .debug_line    0x000015d3      0x7ba output/timer_drive.o
 .debug_line    0x00001d8d      0x321 output/uart_drive.o
 .debug_line    0x000020ae      0x168 output/stm32f10x_startup.o

.debug_str      0x00000000      0xf19
 .debug_str     0x00000000      0x1d3 output/HC05.o
                                0x22a (size before relaxing)
 .debug_str     0x000001d3       0xe6 output/KF.o
                                0x227 (size before relaxing)
 .debug_str     0x000002b9       0xca output/MPU6050.o
                                0x22a (size before relaxing)
 .debug_str     0x00000383       0x84 output/PID.o
                                0x1f8 (size before relaxing)
 .debug_str     0x00000407      0x196 output/PWM.o
                                0x365 (size before relaxing)
 .debug_str     0x0000059d       0x59 output/gp_drive.o
                                0x1a9 (size before relaxing)
 .debug_str     0x000005f6      0x476 output/i2c_drive.o
                                0x650 (size before relaxing)
 .debug_str     0x00000a6c       0xc7 output/main.o
                                0x3f8 (size before relaxing)
 .debug_str     0x00000b33       0x8f output/systick_time.o
                                0x1c6 (size before relaxing)
 .debug_str     0x00000bc2      0x25c output/timer_drive.o
                                0x81d (size before relaxing)
 .debug_str     0x00000e1e       0x8e output/uart_drive.o
                                0x598 (size before relaxing)
 .debug_str     0x00000eac       0x6d output/stm32f10x_startup.o
                                0x1bb (size before relaxing)

.comment        0x00000000       0x49
 .comment       0x00000000       0x49 output/HC05.o
                                 0x4a (size before relaxing)
 .comment       0x00000049       0x4a output/KF.o
 .comment       0x00000049       0x4a output/MPU6050.o
 .comment       0x00000049       0x4a output/PID.o
 .comment       0x00000049       0x4a output/PWM.o
 .comment       0x00000049       0x4a output/gp_drive.o
 .comment       0x00000049       0x4a output/i2c_drive.o
 .comment       0x00000049       0x4a output/main.o
 .comment       0x00000049       0x4a output/systick_time.o
 .comment       0x00000049       0x4a output/timer_drive.o
 .comment       0x00000049       0x4a output/uart_drive.o
 .comment       0x00000049       0x4a output/stm32f10x_startup.o

.ARM.attributes
                0x00000000       0x2d
 .ARM.attributes
                0x00000000       0x2d output/HC05.o
 .ARM.attributes
                0x0000002d       0x2d output/KF.o
 .ARM.attributes
                0x0000005a       0x2d output/MPU6050.o
 .ARM.attributes
                0x00000087       0x2d output/PID.o
 .ARM.attributes
                0x000000b4       0x2d output/PWM.o
 .ARM.attributes
                0x000000e1       0x2d output/gp_drive.o
 .ARM.attributes
                0x0000010e       0x2d output/i2c_drive.o
 .ARM.attributes
                0x0000013b       0x2d output/main.o
 .ARM.attributes
                0x00000168       0x2d output/systick_time.o
 .ARM.attributes
                0x00000195       0x2d output/timer_drive.o
 .ARM.attributes
                0x000001c2       0x2d output/uart_drive.o
 .ARM.attributes
                0x000001ef       0x2d output/stm32f10x_startup.o
 .ARM.attributes
                0x0000021c       0x2d c:/gnu_arm_embedded_toolchain/2021.10/bin/../lib/gcc/arm-none-eabi/10.3.1/../../../../arm-none-eabi/lib/thumb/v7-m/nofp\libm.a(lib_a-wf_atan2.o)
 .ARM.attributes
                0x00000249       0x2d c:/gnu_arm_embedded_toolchain/2021.10/bin/../lib/gcc/arm-none-eabi/10.3.1/../../../../arm-none-eabi/lib/thumb/v7-m/nofp\libm.a(lib_a-wf_sqrt.o)
 .ARM.attributes
                0x00000276       0x2d c:/gnu_arm_embedded_toolchain/2021.10/bin/../lib/gcc/arm-none-eabi/10.3.1/../../../../arm-none-eabi/lib/thumb/v7-m/nofp\libm.a(lib_a-ef_atan2.o)
 .ARM.attributes
                0x000002a3       0x2d c:/gnu_arm_embedded_toolchain/2021.10/bin/../lib/gcc/arm-none-eabi/10.3.1/../../../../arm-none-eabi/lib/thumb/v7-m/nofp\libm.a(lib_a-ef_sqrt.o)
 .ARM.attributes
                0x000002d0       0x2d c:/gnu_arm_embedded_toolchain/2021.10/bin/../lib/gcc/arm-none-eabi/10.3.1/../../../../arm-none-eabi/lib/thumb/v7-m/nofp\libm.a(lib_a-sf_atan.o)
 .ARM.attributes
                0x000002fd       0x2d c:/gnu_arm_embedded_toolchain/2021.10/bin/../lib/gcc/arm-none-eabi/10.3.1/../../../../arm-none-eabi/lib/thumb/v7-m/nofp\libm.a(lib_a-sf_fabs.o)
 .ARM.attributes
                0x0000032a       0x1d c:/gnu_arm_embedded_toolchain/2021.10/bin/../lib/gcc/arm-none-eabi/10.3.1/thumb/v7-m/nofp\libgcc.a(_arm_muldf3.o)
 .ARM.attributes
                0x00000347       0x1d c:/gnu_arm_embedded_toolchain/2021.10/bin/../lib/gcc/arm-none-eabi/10.3.1/thumb/v7-m/nofp\libgcc.a(_arm_mulsf3.o)
 .ARM.attributes
                0x00000364       0x1d c:/gnu_arm_embedded_toolchain/2021.10/bin/../lib/gcc/arm-none-eabi/10.3.1/thumb/v7-m/nofp\libgcc.a(_arm_addsubdf3.o)
 .ARM.attributes
                0x00000381       0x1d c:/gnu_arm_embedded_toolchain/2021.10/bin/../lib/gcc/arm-none-eabi/10.3.1/thumb/v7-m/nofp\libgcc.a(_arm_muldivdf3.o)
 .ARM.attributes
                0x0000039e       0x1d c:/gnu_arm_embedded_toolchain/2021.10/bin/../lib/gcc/arm-none-eabi/10.3.1/thumb/v7-m/nofp\libgcc.a(_arm_truncdfsf2.o)
 .ARM.attributes
                0x000003bb       0x1d c:/gnu_arm_embedded_toolchain/2021.10/bin/../lib/gcc/arm-none-eabi/10.3.1/thumb/v7-m/nofp\libgcc.a(_arm_addsubsf3.o)
 .ARM.attributes
                0x000003d8       0x1d c:/gnu_arm_embedded_toolchain/2021.10/bin/../lib/gcc/arm-none-eabi/10.3.1/thumb/v7-m/nofp\libgcc.a(_arm_muldivsf3.o)
 .ARM.attributes
                0x000003f5       0x1d c:/gnu_arm_embedded_toolchain/2021.10/bin/../lib/gcc/arm-none-eabi/10.3.1/thumb/v7-m/nofp\libgcc.a(_arm_cmpsf2.o)
 .ARM.attributes
                0x00000412       0x1d c:/gnu_arm_embedded_toolchain/2021.10/bin/../lib/gcc/arm-none-eabi/10.3.1/thumb/v7-m/nofp\libgcc.a(_arm_unordsf2.o)
 .ARM.attributes
                0x0000042f       0x1d c:/gnu_arm_embedded_toolchain/2021.10/bin/../lib/gcc/arm-none-eabi/10.3.1/thumb/v7-m/nofp\libgcc.a(_arm_fixsfsi.o)
 .ARM.attributes
                0x0000044c       0x1d c:/gnu_arm_embedded_toolchain/2021.10/bin/../lib/gcc/arm-none-eabi/10.3.1/thumb/v7-m/nofp\libgcc.a(_arm_fixunssfsi.o)
 .ARM.attributes
                0x00000469       0x2d c:/gnu_arm_embedded_toolchain/2021.10/bin/../lib/gcc/arm-none-eabi/10.3.1/../../../../arm-none-eabi/lib/thumb/v7-m/nofp\libc.a(lib_a-errno.o)
 .ARM.attributes
                0x00000496       0x2d c:/gnu_arm_embedded_toolchain/2021.10/bin/../lib/gcc/arm-none-eabi/10.3.1/../../../../arm-none-eabi/lib/thumb/v7-m/nofp\libc.a(lib_a-impure.o)

.debug_frame    0x00000000     0x12d8
 .debug_frame   0x00000000       0x74 output/HC05.o
 .debug_frame   0x00000074       0x98 output/KF.o
 .debug_frame   0x0000010c       0xc4 output/MPU6050.o
 .debug_frame   0x000001d0       0x60 output/PID.o
 .debug_frame   0x00000230      0x118 output/PWM.o
 .debug_frame   0x00000348      0x118 output/gp_drive.o
 .debug_frame   0x00000460      0x264 output/i2c_drive.o
 .debug_frame   0x000006c4       0xf4 output/main.o
 .debug_frame   0x000007b8       0xb8 output/systick_time.o
 .debug_frame   0x00000870      0x478 output/timer_drive.o
 .debug_frame   0x00000ce8      0x15c output/uart_drive.o
 .debug_frame   0x00000e44       0x4c output/stm32f10x_startup.o
 .debug_frame   0x00000e90       0x20 c:/gnu_arm_embedded_toolchain/2021.10/bin/../lib/gcc/arm-none-eabi/10.3.1/../../../../arm-none-eabi/lib/thumb/v7-m/nofp\libm.a(lib_a-wf_atan2.o)
 .debug_frame   0x00000eb0       0x2c c:/gnu_arm_embedded_toolchain/2021.10/bin/../lib/gcc/arm-none-eabi/10.3.1/../../../../arm-none-eabi/lib/thumb/v7-m/nofp\libm.a(lib_a-wf_sqrt.o)
 .debug_frame   0x00000edc       0x38 c:/gnu_arm_embedded_toolchain/2021.10/bin/../lib/gcc/arm-none-eabi/10.3.1/../../../../arm-none-eabi/lib/thumb/v7-m/nofp\libm.a(lib_a-ef_atan2.o)
 .debug_frame   0x00000f14       0x28 c:/gnu_arm_embedded_toolchain/2021.10/bin/../lib/gcc/arm-none-eabi/10.3.1/../../../../arm-none-eabi/lib/thumb/v7-m/nofp\libm.a(lib_a-ef_sqrt.o)
 .debug_frame   0x00000f3c       0x30 c:/gnu_arm_embedded_toolchain/2021.10/bin/../lib/gcc/arm-none-eabi/10.3.1/../../../../arm-none-eabi/lib/thumb/v7-m/nofp\libm.a(lib_a-sf_atan.o)
 .debug_frame   0x00000f6c       0x20 c:/gnu_arm_embedded_toolchain/2021.10/bin/../lib/gcc/arm-none-eabi/10.3.1/../../../../arm-none-eabi/lib/thumb/v7-m/nofp\libm.a(lib_a-sf_fabs.o)
 .debug_frame   0x00000f8c       0x30 c:/gnu_arm_embedded_toolchain/2021.10/bin/../lib/gcc/arm-none-eabi/10.3.1/thumb/v7-m/nofp\libgcc.a(_arm_muldf3.o)
 .debug_frame   0x00000fbc       0x24 c:/gnu_arm_embedded_toolchain/2021.10/bin/../lib/gcc/arm-none-eabi/10.3.1/thumb/v7-m/nofp\libgcc.a(_arm_mulsf3.o)
 .debug_frame   0x00000fe0       0xac c:/gnu_arm_embedded_toolchain/2021.10/bin/../lib/gcc/arm-none-eabi/10.3.1/thumb/v7-m/nofp\libgcc.a(_arm_addsubdf3.o)
 .debug_frame   0x0000108c       0x50 c:/gnu_arm_embedded_toolchain/2021.10/bin/../lib/gcc/arm-none-eabi/10.3.1/thumb/v7-m/nofp\libgcc.a(_arm_muldivdf3.o)
 .debug_frame   0x000010dc       0x24 c:/gnu_arm_embedded_toolchain/2021.10/bin/../lib/gcc/arm-none-eabi/10.3.1/thumb/v7-m/nofp\libgcc.a(_arm_truncdfsf2.o)
 .debug_frame   0x00001100       0x4c c:/gnu_arm_embedded_toolchain/2021.10/bin/../lib/gcc/arm-none-eabi/10.3.1/thumb/v7-m/nofp\libgcc.a(_arm_addsubsf3.o)
 .debug_frame   0x0000114c       0x38 c:/gnu_arm_embedded_toolchain/2021.10/bin/../lib/gcc/arm-none-eabi/10.3.1/thumb/v7-m/nofp\libgcc.a(_arm_muldivsf3.o)
 .debug_frame   0x00001184       0xc8 c:/gnu_arm_embedded_toolchain/2021.10/bin/../lib/gcc/arm-none-eabi/10.3.1/thumb/v7-m/nofp\libgcc.a(_arm_cmpsf2.o)
 .debug_frame   0x0000124c       0x24 c:/gnu_arm_embedded_toolchain/2021.10/bin/../lib/gcc/arm-none-eabi/10.3.1/thumb/v7-m/nofp\libgcc.a(_arm_unordsf2.o)
 .debug_frame   0x00001270       0x24 c:/gnu_arm_embedded_toolchain/2021.10/bin/../lib/gcc/arm-none-eabi/10.3.1/thumb/v7-m/nofp\libgcc.a(_arm_fixsfsi.o)
 .debug_frame   0x00001294       0x24 c:/gnu_arm_embedded_toolchain/2021.10/bin/../lib/gcc/arm-none-eabi/10.3.1/thumb/v7-m/nofp\libgcc.a(_arm_fixunssfsi.o)
 .debug_frame   0x000012b8       0x20 c:/gnu_arm_embedded_toolchain/2021.10/bin/../lib/gcc/arm-none-eabi/10.3.1/../../../../arm-none-eabi/lib/thumb/v7-m/nofp\libc.a(lib_a-errno.o)
